16:02:01|SISTEMA|--- Iniciando Simulador de Restaurante ---
16:02:01|CONFIG|clientes=20 cocineros=2 meseros=2 mesas=6
16:02:01|SISTEMA|[Proceso Clientes] Abriendo puertas. PID: 33712
16:02:01|SISTEMA|[Proceso Cocina] Encendiendo estufas. PID: 33713
16:02:01|SISTEMA|[Proceso Servicio] Meseros listos. PID: 33714
16:02:01|CLIENTE|[Cliente 1] Llegó (pedido normal). Esperando mesa...
16:02:01|CLIENTE|[Cliente 4] Llegó (pedido URGENTE). Esperando mesa...
16:02:01|CLIENTE|[Cliente 5] Llegó (pedido normal). Esperando mesa...
16:02:01|MESA|[Cliente 4] Se sentó en una mesa.
16:02:01|MESA|[Cliente 5] Se sentó en una mesa.
16:02:01|MESA|[Cliente 1] Se sentó en una mesa.
16:02:01|PEDIDO|[Cliente 5] Ordenó (normal). Esperando comida...
16:02:01|PEDIDO|[Cliente 1] Ordenó (normal). Esperando comida...
16:02:01|PEDIDO|[Cliente 4] Ordenó (URGENTE). Esperando comida...
16:02:01|CLIENTE|[Cliente 3] Llegó (pedido normal). Esperando mesa...
16:02:01|CLIENTE|[Cliente 6] Llegó (pedido URGENTE). Esperando mesa...
16:02:01|COCINA|[Cocinero 2] Preparando orden normal del Cliente 1...
16:02:01|CLIENTE|[Cliente 2] Llegó (pedido normal). Esperando mesa...
16:02:01|COCINA|[Cocinero 1] Preparando orden normal del Cliente 5...
16:02:01|CLIENTE|[Cliente 7] Llegó (pedido normal). Esperando mesa...
16:02:01|CLIENTE|[Cliente 8] Llegó (pedido normal). Esperando mesa...
16:02:01|RECURSO|[Cocinero 2] Tomó la SARTÉN. Esperando horno...
16:02:01|MESA|[Cliente 2] Se sentó en una mesa.
16:02:01|MESA|[Cliente 3] Se sentó en una mesa.
16:02:01|RECURSO|[Cocinero 1] Tomó el HORNO. Esperando sartén...
16:02:01|PEDIDO|[Cliente 3] Ordenó (normal). Esperando comida...
16:02:01|PEDIDO|[Cliente 2] Ordenó (normal). Esperando comida...
16:02:01|CLIENTE|[Cliente 10] Llegó (pedido normal). Esperando mesa...
16:02:01|MESA|[Cliente 6] Se sentó en una mesa.
16:02:01|CLIENTE|[Cliente 11] Llegó (pedido normal). Esperando mesa...
16:02:01|PEDIDO|[Cliente 6] Ordenó (URGENTE). Esperando comida...
16:02:01|CLIENTE|[Cliente 12] Llegó (pedido normal). Esperando mesa...
16:02:01|CLIENTE|[Cliente 9] Llegó (pedido URGENTE). Esperando mesa...
16:02:01|CLIENTE|[Cliente 13] Llegó (pedido normal). Esperando mesa...
16:02:01|CLIENTE|[Cliente 14] Llegó (pedido URGENTE). Esperando mesa...
16:02:01|CLIENTE|[Cliente 15] Llegó (pedido normal). Esperando mesa...
16:02:01|CLIENTE|[Cliente 16] Llegó (pedido URGENTE). Esperando mesa...
16:02:01|CLIENTE|[Cliente 17] Llegó (pedido URGENTE). Esperando mesa...
16:02:01|CLIENTE|[Cliente 18] Llegó (pedido normal). Esperando mesa...
16:02:01|CLIENTE|[Cliente 19] Llegó (pedido normal). Esperando mesa...
16:02:01|CLIENTE|[Cliente 20] Llegó (pedido normal). Esperando mesa...
16:02:05|DEADLOCK|[DEADLOCK DETECTADO] Cocinero 1 liberó el HORNO para romper el ciclo
16:02:05|DEADLOCK|[DEADLOCK DETECTADO] Cocinero 2 liberó la SARTÉN para romper el ciclo
16:02:06|DEADLOCK|[DEADLOCK RESOLVIENDO] Cocinero 2 reintentando en orden seguro...
16:02:06|DEADLOCK|[DEADLOCK RESOLVIENDO] Cocinero 1 reintentando en orden seguro...
16:02:06|DEADLOCK|[DEADLOCK RESUELTO] Cocinero 2 continuó con la orden
16:02:09|COCINA|[Cocinero 2] Orden del Cliente 1 lista.
16:02:09|COCINA|[Cocinero 2] Preparando orden URGENTE del Cliente 4...
16:02:09|DEADLOCK|[DEADLOCK RESUELTO] Cocinero 1 continuó con la orden
16:02:09|MESERO|[Mesero 1] Llevando comida al Cliente 1.
16:02:10|COMIENDO|[Cliente 1] Está comiendo. Espera total: 9s
16:02:12|MESA|[Cliente 1] Terminó y liberó la mesa.
16:02:12|MESA|[Cliente 7] Se sentó en una mesa.
16:02:12|PEDIDO|[Cliente 7] Ordenó (normal). Esperando comida...
16:02:13|COCINA|[Cocinero 1] Orden del Cliente 5 lista.
16:02:13|COCINA|[Cocinero 1] Preparando orden URGENTE del Cliente 6...
16:02:13|RECURSO|[Cocinero 1] Tomó el HORNO. Esperando sartén...
16:02:13|MESERO|[Mesero 2] Llevando comida al Cliente 5.
16:02:13|RECURSO|[Cocinero 2] Tomó la SARTÉN. Esperando horno...
16:02:14|COMIENDO|[Cliente 5] Está comiendo. Espera total: 13s
16:02:16|MESA|[Cliente 5] Terminó y liberó la mesa.
16:02:16|MESA|[Cliente 8] Se sentó en una mesa.
16:02:16|PEDIDO|[Cliente 8] Ordenó (normal). Esperando comida...
16:02:17|DEADLOCK|[DEADLOCK DETECTADO] Cocinero 1 liberó el HORNO para romper el ciclo
16:02:17|DEADLOCK|[DEADLOCK DETECTADO] Cocinero 2 liberó la SARTÉN para romper el ciclo
16:02:18|DEADLOCK|[DEADLOCK RESOLVIENDO] Cocinero 1 reintentando en orden seguro...
16:02:18|DEADLOCK|[DEADLOCK RESOLVIENDO] Cocinero 2 reintentando en orden seguro...
16:02:18|DEADLOCK|[DEADLOCK RESUELTO] Cocinero 1 continuó con la orden
16:02:20|COCINA|[Cocinero 1] Orden del Cliente 6 lista.
16:02:20|COCINA|[Cocinero 1] Preparando orden normal del Cliente 2...
16:02:20|MESERO|[Mesero 1] Llevando comida al Cliente 6.
16:02:20|DEADLOCK|[DEADLOCK RESUELTO] Cocinero 2 continuó con la orden
16:02:21|COMIENDO|[Cliente 6] Está comiendo. Espera total: 20s
16:02:23|MESA|[Cliente 6] Terminó y liberó la mesa.
16:02:23|MESA|[Cliente 10] Se sentó en una mesa.
16:02:23|PEDIDO|[Cliente 10] Ordenó (normal). Esperando comida...
16:02:24|COCINA|[Cocinero 2] Orden del Cliente 4 lista.
16:02:24|MESERO|[Mesero 2] Llevando comida al Cliente 4.
16:02:24|COCINA|[Cocinero 2] Preparando orden normal del Cliente 3...
16:02:24|RECURSO|[Cocinero 1] Tomó el HORNO. Esperando sartén...
16:02:24|RECURSO|[Cocinero 2] Tomó la SARTÉN. Esperando horno...
16:02:25|COMIENDO|[Cliente 4] Está comiendo. Espera total: 24s
16:02:27|MESA|[Cliente 4] Terminó y liberó la mesa.
16:02:27|MESA|[Cliente 11] Se sentó en una mesa.
16:02:27|PEDIDO|[Cliente 11] Ordenó (normal). Esperando comida...
16:02:28|DEADLOCK|[DEADLOCK DETECTADO] Cocinero 2 liberó la SARTÉN para romper el ciclo
16:02:28|DEADLOCK|[DEADLOCK DETECTADO] Cocinero 1 liberó el HORNO para romper el ciclo
16:02:29|DEADLOCK|[DEADLOCK RESOLVIENDO] Cocinero 2 reintentando en orden seguro...
16:02:29|DEADLOCK|[DEADLOCK RESUELTO] Cocinero 2 continuó con la orden
16:02:29|DEADLOCK|[DEADLOCK RESOLVIENDO] Cocinero 1 reintentando en orden seguro...
16:02:31|MESERO|[Mesero 1] Llevando comida al Cliente 3.
16:02:31|COCINA|[Cocinero 2] Orden del Cliente 3 lista.
16:02:31|DEADLOCK|[DEADLOCK RESUELTO] Cocinero 1 continuó con la orden
16:02:31|COCINA|[Cocinero 2] Preparando orden normal del Cliente 7...
16:02:32|COMIENDO|[Cliente 3] Está comiendo. Espera total: 31s
16:02:34|MESA|[Cliente 3] Terminó y liberó la mesa.
16:02:34|MESA|[Cliente 12] Se sentó en una mesa.
16:02:34|PEDIDO|[Cliente 12] Ordenó (normal). Esperando comida...
16:02:35|COCINA|[Cocinero 1] Orden del Cliente 2 lista.
16:02:35|COCINA|[Cocinero 1] Preparando orden normal del Cliente 8...
16:02:35|RECURSO|[Cocinero 1] Tomó el HORNO. Esperando sartén...
16:02:35|MESERO|[Mesero 2] Llevando comida al Cliente 2.
16:02:35|RECURSO|[Cocinero 2] Tomó la SARTÉN. Esperando horno...
16:02:36|COMIENDO|[Cliente 2] Está comiendo. Espera total: 35s
16:02:38|MESA|[Cliente 2] Terminó y liberó la mesa.
16:02:38|MESA|[Cliente 9] Se sentó en una mesa.
16:02:38|PEDIDO|[Cliente 9] Ordenó (URGENTE). Esperando comida...
16:02:39|DEADLOCK|[DEADLOCK DETECTADO] Cocinero 2 liberó la SARTÉN para romper el ciclo
16:02:39|DEADLOCK|[DEADLOCK DETECTADO] Cocinero 1 liberó el HORNO para romper el ciclo
16:02:40|DEADLOCK|[DEADLOCK RESOLVIENDO] Cocinero 2 reintentando en orden seguro...
16:02:40|DEADLOCK|[DEADLOCK RESOLVIENDO] Cocinero 1 reintentando en orden seguro...
16:02:40|DEADLOCK|[DEADLOCK RESUELTO] Cocinero 2 continuó con la orden
16:02:42|COCINA|[Cocinero 2] Orden del Cliente 7 lista.
16:02:42|DEADLOCK|[DEADLOCK RESUELTO] Cocinero 1 continuó con la orden
16:02:42|COCINA|[Cocinero 2] Preparando orden URGENTE del Cliente 9...
16:02:42|MESERO|[Mesero 1] Llevando comida al Cliente 7.
16:02:43|COMIENDO|[Cliente 7] Está comiendo. Espera total: 42s
16:02:44|COCINA|[Cocinero 1] Orden del Cliente 8 lista.
16:02:44|RECURSO|[Cocinero 2] Tomó la SARTÉN. Esperando horno...
16:02:44|COCINA|[Cocinero 1] Preparando orden normal del Cliente 10...
16:02:44|RECURSO|[Cocinero 1] Tomó el HORNO. Esperando sartén...
16:02:44|MESERO|[Mesero 2] Llevando comida al Cliente 8.
16:02:45|MESA|[Cliente 7] Terminó y liberó la mesa.
16:02:45|COMIENDO|[Cliente 8] Está comiendo. Espera total: 44s
16:02:45|MESA|[Cliente 13] Se sentó en una mesa.
16:02:45|PEDIDO|[Cliente 13] Ordenó (normal). Esperando comida...
16:02:47|MESA|[Cliente 8] Terminó y liberó la mesa.
16:02:47|MESA|[Cliente 14] Se sentó en una mesa.
16:02:47|PEDIDO|[Cliente 14] Ordenó (URGENTE). Esperando comida...
16:02:48|DEADLOCK|[DEADLOCK DETECTADO] Cocinero 1 liberó el HORNO para romper el ciclo
16:02:48|DEADLOCK|[DEADLOCK DETECTADO] Cocinero 2 liberó la SARTÉN para romper el ciclo
16:02:49|DEADLOCK|[DEADLOCK RESOLVIENDO] Cocinero 1 reintentando en orden seguro...
16:02:49|DEADLOCK|[DEADLOCK RESUELTO] Cocinero 1 continuó con la orden
16:02:49|DEADLOCK|[DEADLOCK RESOLVIENDO] Cocinero 2 reintentando en orden seguro...
16:02:52|COCINA|[Cocinero 1] Orden del Cliente 10 lista.
16:02:52|COCINA|[Cocinero 1] Preparando orden URGENTE del Cliente 14...
16:02:52|RECURSO|[Cocinero 1] Tomó el HORNO. Esperando sartén...
16:02:52|MESERO|[Mesero 1] Llevando comida al Cliente 10.
16:02:53|COMIENDO|[Cliente 10] Está comiendo. Espera total: 52s
16:02:55|MESA|[Cliente 10] Terminó y liberó la mesa.
16:02:55|MESA|[Cliente 15] Se sentó en una mesa.
16:02:55|PEDIDO|[Cliente 15] Ordenó (normal). Esperando comida...
16:02:56|COCINA|[Cocinero 1] Orden del Cliente 14 lista.
16:02:56|MESERO|[Mesero 2] Llevando comida al Cliente 14.
16:02:56|DEADLOCK|[DEADLOCK RESUELTO] Cocinero 2 continuó con la orden
16:02:56|COCINA|[Cocinero 1] Preparando orden normal del Cliente 11...
16:02:57|COMIENDO|[Cliente 14] Está comiendo. Espera total: 56s
16:02:59|MESERO|[Mesero 1] Llevando comida al Cliente 9.
16:02:59|COCINA|[Cocinero 2] Orden del Cliente 9 lista.
16:02:59|RECURSO|[Cocinero 1] Tomó el HORNO. Esperando sartén...
16:02:59|COCINA|[Cocinero 2] Preparando orden normal del Cliente 12...
16:02:59|MESA|[Cliente 14] Terminó y liberó la mesa.
16:02:59|RECURSO|[Cocinero 2] Tomó la SARTÉN. Esperando horno...
16:02:59|MESA|[Cliente 16] Se sentó en una mesa.
16:02:59|PEDIDO|[Cliente 16] Ordenó (URGENTE). Esperando comida...
16:03:00|COMIENDO|[Cliente 9] Está comiendo. Espera total: 59s
16:03:02|MESA|[Cliente 9] Terminó y liberó la mesa.
16:03:02|MESA|[Cliente 17] Se sentó en una mesa.
16:03:02|PEDIDO|[Cliente 17] Ordenó (URGENTE). Esperando comida...
16:03:03|DEADLOCK|[DEADLOCK DETECTADO] Cocinero 2 liberó la SARTÉN para romper el ciclo
16:03:04|DEADLOCK|[DEADLOCK RESOLVIENDO] Cocinero 2 reintentando en orden seguro...
16:03:07|COCINA|[Cocinero 1] Orden del Cliente 11 lista.
16:03:07|MESERO|[Mesero 2] Llevando comida al Cliente 11.
16:03:07|DEADLOCK|[DEADLOCK RESUELTO] Cocinero 2 continuó con la orden
16:03:07|COCINA|[Cocinero 1] Preparando orden URGENTE del Cliente 16...
16:03:08|COMIENDO|[Cliente 11] Está comiendo. Espera total: 67s
16:03:09|COCINA|[Cocinero 2] Orden del Cliente 12 lista.
16:03:09|MESERO|[Mesero 1] Llevando comida al Cliente 12.
16:03:09|COCINA|[Cocinero 2] Preparando orden URGENTE del Cliente 17...
16:03:09|RECURSO|[Cocinero 1] Tomó el HORNO. Esperando sartén...
16:03:09|RECURSO|[Cocinero 2] Tomó la SARTÉN. Esperando horno...
16:03:10|MESA|[Cliente 11] Terminó y liberó la mesa.
16:03:10|COMIENDO|[Cliente 12] Está comiendo. Espera total: 69s
16:03:10|MESA|[Cliente 18] Se sentó en una mesa.
16:03:10|PEDIDO|[Cliente 18] Ordenó (normal). Esperando comida...
16:03:12|MESA|[Cliente 12] Terminó y liberó la mesa.
16:03:12|MESA|[Cliente 19] Se sentó en una mesa.
16:03:12|PEDIDO|[Cliente 19] Ordenó (normal). Esperando comida...
16:03:13|DEADLOCK|[DEADLOCK DETECTADO] Cocinero 1 liberó el HORNO para romper el ciclo
16:03:14|DEADLOCK|[DEADLOCK RESOLVIENDO] Cocinero 1 reintentando en orden seguro...
16:03:15|COCINA|[Cocinero 2] Orden del Cliente 17 lista.
16:03:15|MESERO|[Mesero 2] Llevando comida al Cliente 17.
16:03:15|COCINA|[Cocinero 2] Preparando orden normal del Cliente 13...
16:03:15|DEADLOCK|[DEADLOCK RESUELTO] Cocinero 1 continuó con la orden
16:03:16|COMIENDO|[Cliente 17] Está comiendo. Espera total: 75s
16:03:18|MESA|[Cliente 17] Terminó y liberó la mesa.
16:03:18|MESA|[Cliente 20] Se sentó en una mesa.
16:03:18|PEDIDO|[Cliente 20] Ordenó (normal). Esperando comida...
16:03:19|COCINA|[Cocinero 1] Orden del Cliente 16 lista.
16:03:19|RECURSO|[Cocinero 2] Tomó la SARTÉN. Esperando horno...
16:03:19|MESERO|[Mesero 1] Llevando comida al Cliente 16.
16:03:19|COCINA|[Cocinero 1] Preparando orden normal del Cliente 15...
16:03:19|RECURSO|[Cocinero 1] Tomó el HORNO. Esperando sartén...
16:03:20|COMIENDO|[Cliente 16] Está comiendo. Espera total: 79s
16:03:22|MESA|[Cliente 16] Terminó y liberó la mesa.
16:03:23|DEADLOCK|[DEADLOCK DETECTADO] Cocinero 2 liberó la SARTÉN para romper el ciclo
16:03:23|DEADLOCK|[DEADLOCK DETECTADO] Cocinero 1 liberó el HORNO para romper el ciclo
16:03:24|DEADLOCK|[DEADLOCK RESOLVIENDO] Cocinero 2 reintentando en orden seguro...
16:03:24|DEADLOCK|[DEADLOCK RESOLVIENDO] Cocinero 1 reintentando en orden seguro...
16:03:24|DEADLOCK|[DEADLOCK RESUELTO] Cocinero 2 continuó con la orden
16:03:26|COCINA|[Cocinero 2] Orden del Cliente 13 lista.
16:03:26|DEADLOCK|[DEADLOCK RESUELTO] Cocinero 1 continuó con la orden
16:03:26|COCINA|[Cocinero 2] Preparando orden normal del Cliente 18...
16:03:26|MESERO|[Mesero 2] Llevando comida al Cliente 13.
16:03:27|COMIENDO|[Cliente 13] Está comiendo. Espera total: 86s
16:03:29|MESA|[Cliente 13] Terminó y liberó la mesa.
16:03:30|COCINA|[Cocinero 1] Orden del Cliente 15 lista.
16:03:30|RECURSO|[Cocinero 2] Tomó la SARTÉN. Esperando horno...
16:03:30|COCINA|[Cocinero 1] Preparando orden normal del Cliente 19...
16:03:30|RECURSO|[Cocinero 1] Tomó el HORNO. Esperando sartén...
16:03:30|MESERO|[Mesero 1] Llevando comida al Cliente 15.
16:03:31|COMIENDO|[Cliente 15] Está comiendo. Espera total: 90s
16:03:33|MESA|[Cliente 15] Terminó y liberó la mesa.
16:03:34|DEADLOCK|[DEADLOCK DETECTADO] Cocinero 1 liberó el HORNO para romper el ciclo
16:03:34|DEADLOCK|[DEADLOCK DETECTADO] Cocinero 2 liberó la SARTÉN para romper el ciclo
16:03:35|DEADLOCK|[DEADLOCK RESOLVIENDO] Cocinero 1 reintentando en orden seguro...
16:03:35|DEADLOCK|[DEADLOCK RESUELTO] Cocinero 1 continuó con la orden
16:03:35|DEADLOCK|[DEADLOCK RESOLVIENDO] Cocinero 2 reintentando en orden seguro...
16:03:39|COCINA|[Cocinero 1] Orden del Cliente 19 lista.
16:03:39|DEADLOCK|[DEADLOCK RESUELTO] Cocinero 2 continuó con la orden
16:03:39|COCINA|[Cocinero 1] Preparando orden normal del Cliente 20...
16:03:39|MESERO|[Mesero 2] Llevando comida al Cliente 19.
16:03:40|COMIENDO|[Cliente 19] Está comiendo. Espera total: 99s
16:03:41|COCINA|[Cocinero 2] Orden del Cliente 18 lista.
16:03:41|RECURSO|[Cocinero 1] Tomó el HORNO. Esperando sartén...
16:03:41|MESERO|[Mesero 1] Llevando comida al Cliente 18.
16:03:42|MESA|[Cliente 19] Terminó y liberó la mesa.
16:03:42|COMIENDO|[Cliente 18] Está comiendo. Espera total: 101s
16:03:44|MESA|[Cliente 18] Terminó y liberó la mesa.
16:03:45|COCINA|[Cocinero 1] Orden del Cliente 20 lista.
16:03:45|MESERO|[Mesero 2] Llevando comida al Cliente 20.
16:03:46|COMIENDO|[Cliente 20] Está comiendo. Espera total: 105s
16:03:48|MESA|[Cliente 20] Terminó y liberó la mesa.
16:03:48|SISTEMA|[Proceso Clientes] Todos los clientes han terminado.
16:03:50|STATS|════════════════════════════════
16:03:50|STATS|       ESTADÍSTICAS FINALES      
16:03:50|STATS|════════════════════════════════
16:03:50|STATS|Clientes atendidos:     20
16:03:50|STATS|Pedidos urgentes:       6
16:03:50|STATS|Pedidos normales:       14
16:03:50|STATS|Tiempo espera promedio: 57s
16:03:50|STATS|Deadlocks detectados:   16
16:03:50|STATS|Deadlocks resueltos:    16
16:03:50|STATS|════════════════════════════════
16:03:50|SISTEMA|--- Restaurante Cerrado ---
